[2026-05-21 01:45:25] CSV_WRITE | proposals.csv | 232 rows, 20 fields
[2026-05-21 01:45:25] CSV_WRITE | projects.csv | 68 rows, 8 fields
[2026-05-21 01:47:24] CSV_WRITE | proposals.csv | 233 rows, 20 fields
[2026-05-21 01:47:24] CSV_WRITE | projects.csv | 68 rows, 8 fields
[2026-05-21 02:13:20] CSV_WRITE | proposals.csv | 232 rows, 20 fields
[2026-05-21 02:13:20] CSV_WRITE | projects.csv | 68 rows, 8 fields
[2026-05-21 07:46:59] CSV_WRITE | projects.csv | 69 rows, 8 fields
[2026-05-21 07:47:16] CSV_WRITE | proposals.csv | 234 rows, 20 fields
[2026-05-21 07:47:16] CSV_WRITE | projects.csv | 69 rows, 8 fields
[2026-05-21 07:51:37] CSV_WRITE | proposals.csv | 235 rows, 20 fields
[2026-05-21 07:51:37] CSV_WRITE | projects.csv | 69 rows, 8 fields
[2026-05-21 07:51:42] ERROR | die | Proposal ID already exists: P-20260521-004
[2026-05-21 07:51:48] CSV_WRITE | proposals.csv | 236 rows, 20 fields
[2026-05-21 07:51:48] CSV_WRITE | projects.csv | 69 rows, 8 fields
[2026-05-21 07:52:49] CSV_WRITE | proposals.csv | 236 rows, 20 fields
[2026-05-21 07:53:24] ERROR | die | Invalid stage: delivered, valid: {'research', 'development', 'ideation', 'proposal'}
[2026-05-21 07:53:28] CSV_WRITE | proposals.csv | 236 rows, 20 fields
[2026-05-21 07:56:00] CSV_WRITE | proposals.csv | 236 rows, 20 fields
[2026-05-21 07:56:36] CSV_WRITE | proposals.csv | 237 rows, 20 fields
[2026-05-21 07:56:36] CSV_WRITE | projects.csv | 69 rows, 8 fields
[2026-05-21 07:56:40] CSV_WRITE | proposals.csv | 237 rows, 20 fields
[2026-05-21 11:11:57] ERROR | die | Project does not exist: PRJ-trending-dashboard
[2026-05-21 11:12:13] CSV_WRITE | proposals.csv | 238 rows, 20 fields
[2026-05-21 11:12:13] CSV_WRITE | projects.csv | 69 rows, 8 fields
[2026-05-21 11:19:58] CSV_WRITE | proposals.csv | 238 rows, 20 fields
[2026-05-21 11:54:47] CSV_WRITE | proposals.csv | 239 rows, 20 fields
[2026-05-21 11:54:47] CSV_WRITE | projects.csv | 69 rows, 8 fields
[2026-05-21 12:02:08] CSV_WRITE | proposals.csv | 239 rows, 20 fields
[2026-05-21 12:02:16] CSV_WRITE | proposals.csv | 239 rows, 20 fields
